[    0.000000] Initializing cgroup subsys cpuset
[    0.000000] Initializing cgroup subsys cpu
[    0.000000] Initializing cgroup subsys cpuacct
[    0.000000] Linux version 4.4.0-146-generic (buildd@lcy01-amd64-025) (gcc version 5.4.0 20160609 (Ubuntu 5.4.0-6ubuntu1~16.04.10) ) #172-Ubuntu SMP Wed Apr 3 09:00:08 UTC 2019 (Ubuntu 4.4.0-146.172-generic 4.4.177)
[    0.000000] Command line: BOOT_IMAGE=/boot/vmlinuz-4.4.0-146-generic root=LABEL=cloudimg-rootfs ro console=tty1 console=ttyS0
[    0.000000] KERNEL supported cpus:
[    0.000000]   Intel GenuineIntel
[    0.000000]   AMD AuthenticAMD
[    0.000000]   Centaur CentaurHauls
[    0.000000] x86/fpu: xstate_offset[2]:  576, xstate_sizes[2]:  256
[    0.000000] x86/fpu: Supporting XSAVE feature 0x01: 'x87 floating point registers'
[    0.000000] x86/fpu: Supporting XSAVE feature 0x02: 'SSE registers'
[    0.000000] x86/fpu: Supporting XSAVE feature 0x04: 'AVX registers'
[    0.000000] x86/fpu: Enabled xstate features 0x7, context size is 832 bytes, using 'standard' format.
[    0.000000] e820: BIOS-provided physical RAM map:
[    0.000000] BIOS-e820: [mem 0x0000000000000000-0x000000000009fbff] usable
[    0.000000] BIOS-e820: [mem 0x000000000009fc00-0x000000000009ffff] reserved
[    0.000000] BIOS-e820: [mem 0x00000000000f0000-0x00000000000fffff] reserved
[    0.000000] BIOS-e820: [mem 0x0000000000100000-0x000000003ffeffff] usable
[    0.000000] BIOS-e820: [mem 0x000000003fff0000-0x000000003fffffff] ACPI data
[    0.000000] BIOS-e820: [mem 0x00000000fec00000-0x00000000fec00fff] reserved
[    0.000000] BIOS-e820: [mem 0x00000000fee00000-0x00000000fee00fff] reserved
[    0.000000] BIOS-e820: [mem 0x00000000fffc0000-0x00000000ffffffff] reserved
[    0.000000] NX (Execute Disable) protection: active
[    0.000000] SMBIOS 2.5 present.
[    0.000000] Hypervisor detected: KVM
[    0.000000] e820: last_pfn = 0x3fff0 max_arch_pfn = 0x400000000
[    0.000000] MTRR: Disabled
[    0.000000] x86/PAT: MTRRs disabled, skipping PAT initialization too.
[    0.000000] CPU MTRRs all blank - virtualized system.
[    0.000000] x86/PAT: Configuration [0-7]: WB  WT  UC- UC  WB  WT  UC- UC  
[    0.000000] found SMP MP-table at [mem 0x0009fff0-0x0009ffff] mapped at [ffff88000009fff0]
[    0.000000] Scanning 1 areas for low memory corruption
[    0.000000] RAMDISK: [mem 0x362fa000-0x37174fff]
[    0.000000] ACPI: Early table checksum verification disabled
[    0.000000] ACPI: RSDP 0x00000000000E0000 000024 (v02 VBOX  )
[    0.000000] ACPI: XSDT 0x000000003FFF0030 00003C (v01 VBOX   VBOXXSDT 00000001 ASL  00000061)
[    0.000000] ACPI: FACP 0x000000003FFF00F0 0000F4 (v04 VBOX   VBOXFACP 00000001 ASL  00000061)
[    0.000000] ACPI: DSDT 0x000000003FFF0470 0022EA (v02 VBOX   VBOXBIOS 00000002 INTL 20100528)
[    0.000000] ACPI: FACS 0x000000003FFF0200 000040
[    0.000000] ACPI: FACS 0x000000003FFF0200 000040
[    0.000000] ACPI: APIC 0x000000003FFF0240 00005C (v02 VBOX   VBOXAPIC 00000001 ASL  00000061)
[    0.000000] ACPI: SSDT 0x000000003FFF02A0 0001CC (v01 VBOX   VBOXCPUT 00000002 INTL 20100528)
[    0.000000] No NUMA configuration found
[    0.000000] Faking a node at [mem 0x0000000000000000-0x000000003ffeffff]
[    0.000000] NODE_DATA(0) allocated [mem 0x3ffeb000-0x3ffeffff]
[    0.000000] kvm-clock: Using msrs 4b564d01 and 4b564d00
[    0.000000] kvm-clock: cpu 0, msr 0:3ffe3001, primary cpu clock
[    0.000000] kvm-clock: using sched offset of 8595700287 cycles
[    0.000000] clocksource: kvm-clock: mask: 0xffffffffffffffff max_cycles: 0x1cd42e4dffb, max_idle_ns: 881590591483 ns
[    0.000000] Zone ranges:
[    0.000000]   DMA      [mem 0x0000000000001000-0x0000000000ffffff]
[    0.000000]   DMA32    [mem 0x0000000001000000-0x000000003ffeffff]
[    0.000000]   Normal   empty
[    0.000000]   Device   empty
[    0.000000] Movable zone start for each node
[    0.000000] Early memory node ranges
[    0.000000]   node   0: [mem 0x0000000000001000-0x000000000009efff]
[    0.000000]   node   0: [mem 0x0000000000100000-0x000000003ffeffff]
[    0.000000] Initmem setup node 0 [mem 0x0000000000001000-0x000000003ffeffff]
[    0.000000] ACPI: PM-Timer IO Port: 0x4008
[    0.000000] IOAPIC[0]: apic_id 2, version 32, address 0xfec00000, GSI 0-23
[    0.000000] ACPI: INT_SRC_OVR (bus 0 bus_irq 0 global_irq 2 dfl dfl)
[    0.000000] ACPI: INT_SRC_OVR (bus 0 bus_irq 9 global_irq 9 low level)
[    0.000000] Using ACPI (MADT) for SMP configuration information
[    0.000000] smpboot: Allowing 2 CPUs, 0 hotplug CPUs
[    0.000000] PM: Registered nosave memory: [mem 0x00000000-0x00000fff]
[    0.000000] PM: Registered nosave memory: [mem 0x0009f000-0x0009ffff]
[    0.000000] PM: Registered nosave memory: [mem 0x000a0000-0x000effff]
[    0.000000] PM: Registered nosave memory: [mem 0x000f0000-0x000fffff]
[    0.000000] e820: [mem 0x40000000-0xfebfffff] available for PCI devices
[    0.000000] Booting paravirtualized kernel on KVM
[    0.000000] clocksource: refined-jiffies: mask: 0xffffffff max_cycles: 0xffffffff, max_idle_ns: 7645519600211568 ns
[    0.000000] setup_percpu: NR_CPUS:512 nr_cpumask_bits:512 nr_cpu_ids:2 nr_node_ids:1
[    0.000000] PERCPU: Embedded 34 pages/cpu @ffff88003fc00000 s99480 r8192 d31592 u1048576
[    0.000000] Built 1 zonelists in Node order, mobility grouping on.  Total pages: 257912
[    0.000000] Policy zone: DMA32
[    0.000000] Kernel command line: BOOT_IMAGE=/boot/vmlinuz-4.4.0-146-generic root=LABEL=cloudimg-rootfs ro console=tty1 console=ttyS0
[    0.000000] PID hash table entries: 4096 (order: 3, 32768 bytes)
[    0.000000] Memory: 997732K/1048120K available (8609K kernel code, 1334K rwdata, 4028K rodata, 1484K init, 1284K bss, 50388K reserved, 0K cma-reserved)
[    0.000000] SLUB: HWalign=64, Order=0-3, MinObjects=0, CPUs=2, Nodes=1
[    0.000000] Kernel/User page tables isolation: enabled
[    0.000000] Hierarchical RCU implementation.
[    0.000000] 	Build-time adjustment of leaf fanout to 64.
[    0.000000] 	RCU restricting CPUs from NR_CPUS=512 to nr_cpu_ids=2.
[    0.000000] RCU: Adjusting geometry for rcu_fanout_leaf=64, nr_cpu_ids=2
[    0.000000] NR_IRQS:33024 nr_irqs:440 16
[    0.000000] Console: colour VGA+ 80x25
[    0.000000] console [tty1] enabled
[    0.000000] console [ttyS0] enabled
[    0.000000] tsc: Detected 1599.999 MHz processor
[    0.275992] Calibrating delay loop (skipped) preset value.. 3199.99 BogoMIPS (lpj=6399996)
[    0.279349] pid_max: default: 32768 minimum: 301
[    0.281168] ACPI: Core revision 20150930
[    0.284952] ACPI: 2 ACPI AML tables successfully acquired and loaded
[    0.287807] Security Framework initialized
[    0.289695] Yama: becoming mindful.
[    0.291263] AppArmor: AppArmor initialized
[    0.293592] Dentry cache hash table entries: 131072 (order: 8, 1048576 bytes)
[    0.299001] Inode-cache hash table entries: 65536 (order: 7, 524288 bytes)
[    0.301631] Mount-cache hash table entries: 2048 (order: 2, 16384 bytes)
[    0.304377] Mountpoint-cache hash table entries: 2048 (order: 2, 16384 bytes)
[    0.307488] Initializing cgroup subsys io
[    0.309353] Initializing cgroup subsys memory
[    0.311138] Initializing cgroup subsys devices
[    0.312900] Initializing cgroup subsys freezer
[    0.315733] Initializing cgroup subsys net_cls
[    0.318459] Initializing cgroup subsys perf_event
[    0.320552] Initializing cgroup subsys net_prio
[    0.322309] Initializing cgroup subsys hugetlb
[    0.324384] Initializing cgroup subsys pids
[    0.327236] mce: CPU supports 0 MCE banks
[    0.329116] Last level iTLB entries: 4KB 64, 2MB 8, 4MB 8
[    0.331714] Last level dTLB entries: 4KB 64, 2MB 0, 4MB 0, 1GB 4
[    0.334078] Spectre V2 : Mitigation: Full generic retpoline
[    0.336355] Spectre V2 : Spectre v2 / SpectreRSB mitigation: Filling RSB on context switch
[    0.339699] Speculative Store Bypass: Vulnerable
[    0.344951] Freeing SMP alternatives memory: 36K
[    0.354550] ftrace: allocating 32287 entries in 127 pages
[    0.427209] smpboot: APIC(0) Converting physical 0 to logical package 0
[    0.430095] smpboot: Max logical packages: 1
[    0.432448] x2apic enabled
[    0.433876] Switched APIC routing to physical x2apic.
[    0.437693] ..TIMER: vector=0x30 apic1=0 pin1=2 apic2=-1 pin2=-1
[    0.547429] smpboot: CPU0: Intel(R) Core(TM) i5-5250U CPU @ 1.60GHz (family: 0x6, model: 0x3d, stepping: 0x4)
[    0.552644] Performance Events: unsupported p6 CPU model 61 no PMU driver, software events only.
[    0.568665] KVM setup paravirtual spinlock
[    0.571072] x86: Booting SMP configuration:
[    0.572978] .... node  #0, CPUs:      #1
[    0.574967] kvm-clock: cpu 1, msr 0:3ffe3041, secondary cpu clock
[    0.578311] mce: CPU supports 0 MCE banks
[    0.581619] x86: Booted up 1 node, 2 CPUs
[    0.584583] smpboot: Total of 2 processors activated (6399.99 BogoMIPS)
[    0.588166] devtmpfs: initialized
[    0.591216] evm: security.selinux
[    0.592703] evm: security.SMACK64
[    0.594181] evm: security.SMACK64EXEC
[    0.595840] evm: security.SMACK64TRANSMUTE
[    0.597628] evm: security.SMACK64MMAP
[    0.599495] evm: security.ima
[    0.601510] evm: security.capability
[    0.603479] clocksource: jiffies: mask: 0xffffffff max_cycles: 0xffffffff, max_idle_ns: 7645041785100000 ns
[    0.607318] futex hash table entries: 512 (order: 3, 32768 bytes)
[    0.609991] pinctrl core: initialized pinctrl subsystem
[    0.612286] RTC time: 15:06:05, date: 05/13/19
[    0.614676] NET: Registered protocol family 16
[    0.627366] cpuidle: using governor ladder
[    0.643122] cpuidle: using governor menu
[    0.645369] PCCT header not found.
[    0.647395] ACPI: bus type PCI registered
[    0.649815] acpiphp: ACPI Hot Plug PCI Controller Driver version: 0.5
[    0.653098] PCI: Using configuration type 1 for base access
[    0.668791] ACPI: Added _OSI(Module Device)
[    0.672263] ACPI: Added _OSI(Processor Device)
[    0.675287] ACPI: Added _OSI(3.0 _SCP Extensions)
[    0.677420] ACPI: Added _OSI(Processor Aggregator Device)
[    0.680730] ACPI: Executed 1 blocks of module-level executable AML code
[    0.687118] ACPI: Interpreter enabled
[    0.688628] ACPI: (supports S0 S5)
[    0.690103] ACPI: Using IOAPIC for interrupt routing
[    0.692327] PCI: Using host bridge windows from ACPI; if necessary, use "pci=nocrs" and report a bug
[    0.702250] ACPI: PCI Root Bridge [PCI0] (domain 0000 [bus 00-ff])
[    0.704840] acpi PNP0A03:00: _OSC: OS supports [ASPM ClockPM Segments MSI]
[    0.708217] acpi PNP0A03:00: _OSC: not requesting OS control; OS requires [ExtendedConfig ASPM ClockPM MSI]
[    0.712560] acpi PNP0A03:00: fail to add MMCONFIG information, can't access extended PCI configuration space under this bridge.
[    0.719009] PCI host bridge to bus 0000:00
[    0.720628] pci_bus 0000:00: root bus resource [io  0x0000-0x0cf7 window]
[    0.723634] pci_bus 0000:00: root bus resource [io  0x0d00-0xffff window]
[    0.726493] pci_bus 0000:00: root bus resource [mem 0x000a0000-0x000bffff window]
[    0.729886] pci_bus 0000:00: root bus resource [mem 0x40000000-0xfdffffff window]
[    0.733114] pci_bus 0000:00: root bus resource [bus 00-ff]
[    0.739971] pci 0000:00:01.1: legacy IDE quirk: reg 0x10: [io  0x01f0-0x01f7]
[    0.742742] pci 0000:00:01.1: legacy IDE quirk: reg 0x14: [io  0x03f6]
[    0.745292] pci 0000:00:01.1: legacy IDE quirk: reg 0x18: [io  0x0170-0x0177]
[    0.747930] pci 0000:00:01.1: legacy IDE quirk: reg 0x1c: [io  0x0376]
[    0.779277] pci 0000:00:07.0: quirk: [io  0x4000-0x403f] claimed by PIIX4 ACPI
[    0.783345] pci 0000:00:07.0: quirk: [io  0x4100-0x410f] claimed by PIIX4 SMB
[    0.815791] ACPI: PCI Interrupt Link [LNKA] (IRQs 5 9 10 *11)
[    0.819761] ACPI: PCI Interrupt Link [LNKB] (IRQs 5 9 *10 11)
[    0.822870] ACPI: PCI Interrupt Link [LNKC] (IRQs 5 *9 10 11)
[    0.825930] ACPI: PCI Interrupt Link [LNKD] (IRQs 5 9 10 *11)
[    0.829271] ACPI: Enabled 2 GPEs in block 00 to 07
[    0.831968] vgaarb: setting as boot device: PCI:0000:00:02.0
[    0.834421] vgaarb: device added: PCI:0000:00:02.0,decodes=io+mem,owns=io+mem,locks=none
[    0.838046] vgaarb: loaded
[    0.839278] vgaarb: bridge control possible 0000:00:02.0
[    0.841890] SCSI subsystem initialized
[    0.843714] ACPI: bus type USB registered
[    0.845595] usbcore: registered new interface driver usbfs
[    0.848261] usbcore: registered new interface driver hub
[    0.851310] usbcore: registered new device driver usb
[    0.854119] PCI: Using ACPI for IRQ routing
[    0.856463] NetLabel: Initializing
[    0.857973] NetLabel:  domain hash size = 128
[    0.859846] NetLabel:  protocols = UNLABELED CIPSOv4
[    0.864236] NetLabel:  unlabeled traffic allowed by default
[    0.866769] amd_nb: Cannot enumerate AMD northbridges
[    0.869007] clocksource: Switched to clocksource kvm-clock
[    0.881353] AppArmor: AppArmor Filesystem Enabled
[    0.884090] pnp: PnP ACPI init
[    0.887196] pnp: PnP ACPI: found 3 devices
[    0.903361] clocksource: acpi_pm: mask: 0xffffff max_cycles: 0xffffff, max_idle_ns: 2085701024 ns
[    0.907577] NET: Registered protocol family 2
[    0.909602] TCP established hash table entries: 8192 (order: 4, 65536 bytes)
[    0.912236] TCP bind hash table entries: 8192 (order: 5, 131072 bytes)
[    0.914747] TCP: Hash tables configured (established 8192 bind 8192)
[    0.918105] UDP hash table entries: 512 (order: 2, 16384 bytes)
[    0.920414] UDP-Lite hash table entries: 512 (order: 2, 16384 bytes)
[    0.923230] NET: Registered protocol family 1
[    0.925007] pci 0000:00:00.0: Limiting direct PCI/PCI transfers
[    0.927906] pci 0000:00:01.0: Activating ISA DMA hang workarounds
[    0.931345] Unpacking initramfs...
[    1.297022] Freeing initrd memory: 14828K
[    1.299267] RAPL PMU detected, API unit is 2^-32 Joules, 4 fixed counters 10737418240 ms ovfl timer
[    1.303008] hw unit of domain pp0-core 2^-0 Joules
[    1.304982] hw unit of domain package 2^-0 Joules
[    1.307334] hw unit of domain dram 2^-0 Joules
[    1.309607] hw unit of domain pp1-gpu 2^-0 Joules
[    1.311529] platform rtc_cmos: registered platform RTC device (no PNP device found)
[    1.315696] Scanning for low memory corruption every 60 seconds
[    1.319823] audit: initializing netlink subsys (disabled)
[    1.322229] audit: type=2000 audit(1557759975.953:1): initialized
[    1.324894] Initialise system trusted keyring
[    1.327307] HugeTLB registered 2 MB page size, pre-allocated 0 pages
[    1.332689] zbud: loaded
[    1.334470] VFS: Disk quotas dquot_6.6.0
[    1.336166] VFS: Dquot-cache hash table entries: 512 (order 0, 4096 bytes)
[    1.339093] squashfs: version 4.0 (2009/01/31) Phillip Lougher
[    1.342401] fuse init (API version 7.23)
[    1.344648] Key type big_key registered
[    1.346435] Allocating IMA MOK and blacklist keyrings.
[    1.352845] Key type asymmetric registered
[    1.354671] Asymmetric key parser 'x509' registered
[    1.356695] Block layer SCSI generic (bsg) driver version 0.4 loaded (major 249)
[    1.360249] io scheduler noop registered
[    1.361997] io scheduler deadline registered (default)
[    1.364281] io scheduler cfq registered
[    1.366423] pci_hotplug: PCI Hot Plug PCI Core version: 0.5
[    1.368887] pciehp: PCI Express Hot Plug Controller Driver version: 0.4
[    1.372035] ACPI: AC Adapter [AC] (off-line)
[    1.374378] input: Power Button as /devices/LNXSYSTM:00/LNXPWRBN:00/input/input0
[    1.378097] ACPI: Power Button [PWRF]
[    1.379725] input: Sleep Button as /devices/LNXSYSTM:00/LNXSLPBN:00/input/input1
[    1.384740] ACPI: Sleep Button [SLPF]
[    1.388531] ACPI: Battery Slot [BAT0] (battery present)
[    1.390776] GHES: HEST is not enabled!
[    1.392470] Serial: 8250/16550 driver, 32 ports, IRQ sharing enabled
[    1.416460] 0:02: ttyS0 at I/O 0x3f8 (irq =4, base_baud = 115200) is a 1650A
[    1.421172] Linux agpgart interface v0.103
[    1.425446] loop: module loaded
[    1.427831] scsi host0: ata_piix
[    1.429640] scsi host1: ata_piix
[    1.431621] ata1: PATA max UDMA/33 cmd 0x1f0 ctl 0x3f6 bmdma 0xd000 irq 14
[    1.434356] ata2: PATA max UDMA/33 cmd 0x170 ctl 0x376 bmdma 0xd008 irq 15
[    1.437452] libphy: Fixed MDIO Bus: probed
[    1.439369] tun: Universal TUN/TAP device driver, 1.6
[    1.442090] tun: (C) 1999-2004 Max Krasnyansky <maxk@qualcomm.com>
[    1.444864] PPP generic driver version 2.4.2
[    1.446898] ehci_hcd: USB 2.0 'Enhanced' Host Controller (EHCI) Driver
[    1.449687] ehci-pci: EHCI PCI platform driver
[    1.451653] ehci-platform: EHCI generic platform driver
[    1.453886] ohci_hcd: USB 1.1 'Open' Host Controller (OHCI) Driver
[    1.456383] ohci-pci: OHCI PCI platform driver
[    1.458467] ohci-platform: OHCI generic platform driver
[    1.460500] uhci_hcd: USB Universal Host Controller Interface driver
[    1.462984] i8042: PNP: PS/2 Controller [PNP0303:PS2K,PNP0f03:PS2M] at 0x60,0x64 irq 1,12
[    1.467389] serio: i8042 KBD port at 0x60,0x64 irq 1
[    1.469309] serio: i8042 AUX port at 0x60,0x64 irq 12
[    1.471624] mousedev: PS/2 mouse device common for all mice
[    1.475210] rtc_cmos rtc_cmos: rtc core: registered rtc_cmos as rtc0
[    1.478430] rtc_cmos rtc_cmos: alarms up to one day, 114 bytes nvram
[    1.480996] input: AT Translated Set 2 keyboard as /devices/platform/i8042/serio0/input/input2
[    1.485924] i2c /dev entries driver
[    1.487484] device-mapper: uevent: version 1.0.3
[    1.489910] device-mapper: ioctl: 4.34.0-ioctl (2015-10-28) initialised: dm-devel@redhat.com
[    1.494156] ledtrig-cpu: registered to indicate activity on CPUs
[    1.497908] NET: Registered protocol family 10
[    1.500153] NET: Registered protocol family 17
[    1.502459] Key type dns_resolver registered
[    1.504910] registered taskstats version 1
[    1.507114] Loading compiled-in X.509 certificates
[    1.509691] Loaded X.509 cert 'Build time autogenerated kernel key: 4dcb2dc2c7cf43e0c20c44384f68683c20294489'
[    1.513711] zswap: loaded using pool lzo/zbud
[    1.518535] Key type trusted registered
[    1.524226] Key type encrypted registered
[    1.525971] AppArmor: AppArmor sha1 policy hashing enabled
[    1.528145] ima: No TPM chip found, activating TPM-bypass!
[    1.530706] ima: Allocated hash algorithm: sha1
[    1.532555] evm: HMAC attrs: 0x1
[    1.534727]   Magic number: 3:625:133
[    1.536485] rtc_cmos rtc_cmos: setting system clock to 2019-05-13 15:06:06 UTC (1557759966)
[    1.540235] BIOS EDD facility v0.16 2004-Jun-25, 0 devices found
[    1.542838] EDD information not available.
[    1.594746] Freeing unused kernel memory: 1484K
[    1.597215] Write protecting the kernel read-only data: 14336k
[    1.600121] Freeing unused kernel memory: 1620K
[    1.603211] Freeing unused kernel memory: 68K
Loading, please wait...
starting version 229
[    1.623888] random: udevadm: uninitialized urandom read (16 bytes read, 3 bits of entropy available)
[    1.623953] random: systemd-udevd: uninitialized urandom read (16 bytes read, 3 bits of entropy available)
[    1.624065] random: systemd-udevd: uninitialized urandom read (16 bytes read, 3 bits of entropy available)
[    1.624084] random: systemd-udevd: uninitialized urandom read (16 bytes read, 3 bits of entropy available)
[    1.624105] random: systemd-udevd: uninitialized urandom read (16 bytes read, 3 bits of entropy available)
[    1.644304] random: udevadm: uninitialized urandom read (16 bytes read, 3 bits of entropy available)
[    1.654942] random: systemd-udevd: uninitialized urandom read (16 bytes read, 3 bits of entropy available)
[    1.658961] random: udevadm: uninitialized urandom read (16 bytes read, 3 bits of entropy available)
[    1.659009] random: udevadm: uninitialized urandom read (16 bytes read, 3 bits of entropy available)
[    1.659197] random: udevadm: uninitialized urandom read (16 bytes read, 3 bits of entropy available)
[    1.709567] e1000: Intel(R) PRO/1000 Network Driver - version 7.3.21-k8-NAPI
[    1.713144] e1000: Copyright (c) 1999-2006 Intel Corporation.
[    1.719782] Fusion MPT base driver 3.04.20
[    1.722069] Copyright (c) 1999-2008 LSI Corporation
[    1.735507] Fusion MPT SPI Host driver 3.04.20
[    1.742123] AVX2 version of gcm_enc/dec engaged.
[    1.744549] AES CTR mode by8 optimization enabled
[    1.934735] input: ImExPS/2 Generic Explorer Mouse as /devices/platform/i8042/serio1/input/input4
[    2.238914] e1000 0000:00:03.0 eth0: (PCI:33MHz:32-bit) 02:3a:f4:24:e2:72
[    2.244674] e1000 0000:00:03.0 eth0: Intel(R) PRO/1000 Network Connection
[    2.312117] tsc: Refined TSC clocksource calibration: 1600.325 MHz
[    2.315525] clocksource: tsc: mask: 0xffffffffffffffff max_cycles: 0x171157e63d0, max_idle_ns: 440795237026 ns
[    2.737819] e1000 0000:00:08.0 eth1: (PCI:33MHz:32-bit) 08:00:27:5f:5d:20
[    2.740846] e1000 0000:00:08.0 eth1: Intel(R) PRO/1000 Network Connection
[    2.745802] e1000 0000:00:03.0 enp0s3: renamed from eth0
[    2.749433] mptbase: ioc0: Initiating bringup
[    2.762219] e1000 0000:00:08.0 enp0s8: renamed from eth1
[    2.813830] ioc0: LSI53C1030 A0: Capabilities={Initiator}
[    2.984055] scsi host2: ioc0: LSI53C1030 A0, FwRev=00000000h, Ports=1, MaxQ=256, IRQ=20
[    3.101964] scsi 2:0:0:0: Direct-Access     VBOX     HARDDISK         1.0  PQ: 0 ANSI: 5
[    3.107315] scsi target2:0:0: Beginning Domain Validation
[    3.112041] scsi target2:0:0: Domain Validation skipping write tests
[    3.115367] scsi target2:0:0: Ending Domain Validation
[    3.130788] scsi target2:0:0: asynchronous
[    3.133678] scsi 2:0:1:0: Direct-Access     VBOX     HARDDISK         1.0  PQ: 0 ANSI: 5
[    3.138078] scsi target2:0:1: Beginning Domain Validation
[    3.142966] scsi target2:0:1: Domain Validation skipping write tests
[    3.146151] scsi target2:0:1: Ending Domain Validation
[    3.149179] scsi target2:0:1: asynchronous
[    3.162075] sd 2:0:0:0: Attached scsi generic sg0 type 0
[    3.165343] sd 2:0:0:0: [sda] 20971520 512-byte logical blocks: (10.7 GB/10.0 GiB)
[    3.169598] sd 2:0:1:0: [sdb] 20480 512-byte logical blocks: (10.5 MB/10.0 MiB)
[    3.172869] sd 2:0:0:0: [sda] Write Protect is off
[    3.173281] sd 2:0:1:0: [sdb] Write Protect is off
[    3.173327] sd 2:0:1:0: Attached scsi generic sg1 type 0
[    3.173623] sd 2:0:1:0: [sdb] Incomplete mode parameter data
[    3.173626] sd 2:0:1:0: [sdb] Assuming drive cache: write through
[    3.180610] sd 2:0:1:0: [sdb] Attached SCSI disk
[    3.191220] sd 2:0:0:0: [sda] Incomplete mode parameter data
[    3.194526] sd 2:0:0:0: [sda] Assuming drive cache: write through
[    3.203403]  sda: sda1
[    3.207500] sd 2:0:0:0: [sda] Attached SCSI disk
Begin: Loading essential drivers ... [    4.744908] md: linear personality registered for level -1
[    4.752652] md: multipath personality registered for level -4
[    4.759838] md: raid0 personality registered for level 0
[    4.771219] md: raid1 personality registered for level 1
[    4.846256] raid6: sse2x1   gen()  7616 MB/s
[    4.913198] raid6: sse2x1   xor()  5981 MB/s
[    4.982485] raid6: sse2x2   gen() 10089 MB/s
[    5.053321] raid6: sse2x2   xor()  6462 MB/s
[    5.121062] raid6: sse2x4   gen() 10796 MB/s
[    5.189352] raid6: sse2x4   xor()  8059 MB/s
[    5.257428] raid6: avx2x1   gen() 15254 MB/s
[    5.325610] raid6: avx2x2   gen() 17693 MB/s
[    5.393457] raid6: avx2x4   gen() 19376 MB/s
[    5.395282] raid6: using algorithm avx2x4 gen() 19376 MB/s
[    5.397739] raid6: using avx2x2 recovery algorithm
[    5.401404] xor: automatically using best checksumming function:
[    5.441257]    avx       : 21737.000 MB/sec
[    5.445025] async_tx: api initialized (async)
[    5.464487] md: raid6 personality registered for level 6
[    5.467167] md: raid5 personality registered for level 5
[    5.469563] md: raid4 personality registered for level 4
[    5.480608] md: raid10 personality registered for level 10
done.
Begin: Running /scripts/init-premount ... done.
Begin: Mounting root file system ... Begin: Running /scripts/local-top ... done.
Begin: Running /scripts/local-premount ... [    5.526526] Btrfs loaded
Scanning for Btrfs filesystems
done.
Warning: fsck not present, so skipping root file system
[    5.621167] EXT4-fs (sda1): mounted filesystem with ordered data mode. Opts: (null)
done.
Begin: Running /scripts/local-bottom ... done.
Begin: Running /scripts/init-bottom ... done.
[    5.966026] systemd[1]: systemd 229 running in system mode. (+PAM +AUDIT +SELINUX +IMA +APPARMOR +SMACK +SYSVINIT +UTMP +LIBCRYPTSETUP +GCRYPT +GNUTLS +ACL +XZ -LZ4 +SECCOMP +BLKID +ELFUTILS +KMOD -IDN)
[    5.976239] systemd[1]: Detected virtualization oracle.
[    5.978373] systemd[1]: Detected architecture x86-64.

Welcome to [1mUbuntu 16.04.6 LTS[0m!

[    5.989861] systemd[1]: Set hostname to <ubuntu>.
[    5.997550] systemd[1]: Initializing machine ID from random generator.
[    6.000545] systemd[1]: Installed transient /etc/machine-id file.
[    6.739391] systemd[1]: Reached target System Time Synchronized.
[[0;32m  OK  [0m] Reached target System Time Synchronized.
[    6.745496] systemd[1]: Listening on udev Control Socket.
[[0;32m  OK  [0m] Listening on udev Control Socket.
[    6.751013] systemd[1]: Reached target Swap.
[[0;32m  OK  [0m] Reached target Swap.
[    6.754865] systemd[1]: Reached target Encrypted Volumes.
[[0;32m  OK  [0m] Reached target Encrypted Volumes.
[    6.759624] systemd[1]: Listening on Journal Socket.
[[0;32m  OK  [0m] Listening on Journal Socket.
[    6.764289] systemd[1]: Listening on Device-mapper event daemon FIFOs.
[[0;32m  OK  [0m] Listening on Device-mapper event daemon FIFOs.
[    6.769596] systemd[1]: Created slice System Slice.
[[0;32m  OK  [0m] Created slice System Slice.
[    6.785901] systemd[1]: Mounting Huge Pages File System...
         Mounting Huge Pages File System...
[    6.791612] systemd[1]: Mounting POSIX Message Queue File System...
         Mounting POSIX Message Queue File System...
[    6.799270] systemd[1]: Starting Set console keymap...
         Starting Set console keymap...
[    6.805203] systemd[1]: Starting Remount Root and Kernel File Systems...
         Starting Remount Root and Kernel File Systems...
[    6.811886] systemd[1]: Listening on Journal Audit Socket.
[[0;32m  OK  [0m] Listening on Journal Audit Socket.
[
   6.818261] EXT4-fs (sda1): re-mounted. Opts: (null)
[    6.818555] systemd[1]: Reached target User and Group Name Lookups.
[[0;32m  OK  [0m] Reached target User and Group Name Lookups.
[    6.828575] systemd[1]: Listening on LVM2 poll daemon socket.
[[0;32m  OK  [0m] Listening on LVM2 poll daemon socket.
[    6.834915] systemd[1]: Listening on Journal Socket (/dev/log).
[[0;32m  OK  [0m] Listening on Journal Socket (/dev/log).
[    6.841708] systemd[1]: Listening on udev Kernel Socket.
[[0;32m  OK  [0m] Listening on udev Kernel Socket.
[    6.847810] systemd[1]: Created slice User and Session Slice.
[[0;32m  OK  [0m] Created slice User and Session Slice.
[    6.855024] systemd[1]: Reached target Slices.
[[0;32m  OK  [0m] Reached target Slices.
[    6.890508] systemd[1]: Starting Load Kernel Modules...
         Starting Load Kernel Modules...
[    6.902855] systemd[1]: Created slice system-serial\x2dgetty.slice.
[[0;32m  OK  [0m] Created slice system-serial\x2dgetty.slice.
[    6.913982] systemd[1]: Listening on /dev/initctl Compatibility Named Pipe.
[[0;32m  OK  [0m] Listening on /dev/initctl Compatibility Named Pipe.
[    6.927187] systemd[1]: Listening on LVM2 metadata daemon socket.
[[0;32m  OK  [0m] Listening on LVM2 metadata daemon socket.
[    6.940682] Loading iSCSI transport class v2.0-870.
[    6.949719] systemd[1]: Starting Monitoring of LVM2 mirrors, snapshots etc. using dmeventd or progress polling...
         Starting Monitoring of LVM2 mirrors... dmeventd or progress polling...
[    6.972286] systemd[1]: Started Trigger resolvconf update for networkd DNS.
[[0;32m  OK  [0m] Started Trigger resolvconf update for networkd DNS.
[    6.988138] systemd[1]: Started Forward Password Requests to Wall Directory Watch.
[    6.997425] iscsi: registered transport (tcp)
[[0;32m  OK  [0m] Started Forward Password Requests to Wall Directory Watch.
[    7.025907] systemd[1]: Starting Nameserver information manager...
         Starting Nameserver information manager...
[    7.032389] systemd[1]: Starting Create list of required static device nodes for the current kernel...
         Starting Create list of required st... nodes for the current kernel...
[    7.052005] systemd[1]: Listening on Syslog Socket.
[[0;32m  OK  [0m] Listening on Syslog Socket.
[    7.061464] systemd[1]: Starting Journal Service...
         Starting Journal Service...
[    7.070448] systemd[1]: Starting Uncomplicated firewall...
         Starting Uncomplicated firewall...
[    7.079698] systemd[1]: Mounting Debug File System...
         Mounting Debug File System...
[    7.087818] systemd[1]: Set up automount Arbitrary Executable File Formats File System Automount Point.
[[0;32m  OK  [0m] Set up automount Arbitrary Executab...ats File System Automount Point.
[    7.106099] systemd[1]: Mounted POSIX Message Queue File System.
[[0;32m  OK  [0m] Mounted POSIX Message Queue File System.
[    7.112624] systemd[1]: Mounted Debug File System.
[[0;32m  OK  [0m] Mounted Debug File System.
[    7.118937] systemd[1]: Mounted Huge Pages File System.
[[0;32m  OK  [0m] Mounted Huge Pages File System.
[    7.131157] iscsi: registered transport (iser)
[    7.138926] systemd[1]: Started Journal Service.
[[0;32m  OK  [0m] Started Journal Service.
[[0;32m  OK  [0m] Started Set console keymap.
[[0;32m  OK  [0m] Started Remount Root and Kernel File Systems.
[[0;32m  OK  [0m] Started Load Kernel Modules.
[[0;32m  OK  [0m] Started Create list of required sta...ce nodes for the current kernel.
[[0;32m  OK  [0m] Started Uncomplicated firewall.
[[0;32m  OK  [0m] Started Nameserver information manager.
[    7.210306] random: nonblocking pool is initialized
[[0;32m  OK  [0m] Started LVM2 metadata daemon.
         Starting Create Static Device Nodes in /dev...
         Mounting FUSE Control File System...
         Starting Apply Kernel Variables...
         Starting udev Coldplug all Devices...
         Starting Load/Save Random Seed...
         Starting Flush Journal to Persistent Storage...
[[0;32m  OK  [0m] Mounted FUSE Control File System.
[[0;32m  OK  [0m] Started Load/Save Random Seed.
[[0;32m  OK  [0m] Started Create Static Device Nodes in /dev.
[[0;32m  OK  [0m] Started Apply Kernel Variables.
         Starting udev Kernel Device Manager...
[[0;32m  OK  [0m] Started Flush Journal to Persistent Storage.
[[0;32m  OK  [0m] Started udev Coldplug all Devices.
[[0;32m  OK  [0m] Started udev Kernel Device Manager.
[[0;32m  OK  [0m] Started Dispatch Password Requests to Console Directory Watch.
[[0;32m  OK  [0m] Started Monitoring of LVM2 mirrors,...ng dmeventd or progress polling.
[[0;32m  OK  [0m] Found device /dev/ttyS0.
[[0;32m  OK  [0m] Reached target Local File Systems (Pre).
[[0;32m  OK  [0m] Reached target Local File Systems.
         Starting Initial cloud-init job (pre-networking)...
         Starting Set console font and keymap...
         Starting Tell Plymouth To Write Out Runtime Data...
         Starting Create Volatile Files and Directories...
         Starting Commit a transient machine-id on disk...
         Starting LSB: AppArmor initialization...
[[0;32m  OK  [0m] Started Create Volatile Files and Directories.
[[0;32m  OK  [0m] Started Tell Plymouth To Write Out Runtime Data.
[[0;32m  OK  [0m] Started Commit a transient machine-id on disk.
         Starting Update UTMP about System Boot/Shutdown...
[[0;32m  OK  [0m] Listening on Load/Save RF Kill Switch Status /dev/rfkill Watch.
[[0;32m  OK  [0m] Started Update UTMP about System Boot/Shutdown.
[[0;32m  OK  [0m] Started LSB: AppArmor initialization.
[[0;32m  OK  [0m] Started Set console font and keymap.
[[0;32m  OK  [0m] Created slice system-getty.slice.
[    9.703889] cloud-init[481]: Cloud-init v. 18.5-45-g3554ffe8-0ubuntu1~16.04.1 running 'init-local' at Mon, 13 May 2019 15:06:14 +0000. Up 9.25 seconds.
[[0;32m  OK  [0m] Started Initial cloud-init job (pre-networking).
[[0;32m  OK  [0m] Reached target Network (Pre).
         Starting Raise network interfaces...
[[0;32m  OK  [0m] Started Raise network interfaces.
[[0;32m  OK  [0m] Reached target Network.
         Starting Initial cloud-init job (metadata service crawler)...
[   11.575685] cloud-init[952]: Cloud-init v. 18.5-45-g3554ffe8-0ubuntu1~16.04.1 running 'init' at Mon, 13 May 2019 15:06:16 +0000. Up 10.64 seconds.
[   11.582449] cloud-init[952]: ci-info: ++++++++++++++++++++++++++++++++++++++Net device info+++++++++++++++++++++++++++++++++++++++
[   11.588606] cloud-init[952]: ci-info: +--------+-------+----------------------------+---------------+--------+-------------------+
[   11.592926] cloud-init[952]: ci-info: | Device |   Up  |          Address           |      Mask     | Scope  |     Hw-Address    |
[   11.598600] cloud-init[952]: ci-info: +--------+-------+----------------------------+---------------+--------+-------------------+
[   11.604297] cloud-init[952]: ci-info: | enp0s3 |  True |         10.0.2.15          | 255.255.255.0 | global | 02:3a:f4:24:e2:72 |
[   11.610494] cloud-init[952]: ci-info: | enp0s3 |  True | fe80::3a:f4ff:fe24:e272/64 |       .       |  link  | 02:3a:f4:24:e2:72 |
[   11.615373] cloud-init[952]: ci-info: | enp0s8 | False |             .              |       .       |   .    | 08:00:27:5f:5d:20 |
[   11.621049] cloud-init[952]: ci-info: |   lo   |  True |         127.0.0.1          |   255.0.0.0   |  host  |         .         |
[   11.626160] cloud-init[952]: ci-info: |   lo   |  True |          ::1/128           |       .       |  host  |         .         |
[   11.631894] cloud-init[952]: ci-info: +--------+-------+----------------------------+---------------+--------+-------------------+
[   11.637402] cloud-init[952]: ci-info: +++++++++++++++++++++++++++Route IPv4 info++++++++++++++++++++++++++++
[   11.642700] cloud-init[952]: ci-info: +-------+-------------+----------+---------------+-----------+-------+
[   11.648229] cloud-init[952]: ci-info: | Route | Destination | Gateway  |    Genmask    | Interface | Flags |
[   11.654294] cloud-init[952]: ci-info: +-------+-------------+----------+---------------+-----------+-------+
[   11.660238] cloud-init[952]: ci-info: |   0   |   0.0.0.0   | 10.0.2.2 |    0.0.0.0    |   enp0s3  |   UG  |
[   11.665778] cloud-init[952]: ci-info: |   1   |   10.0.2.0  | 0.0.0.0  | 255.255.255.0 |   enp0s3  |   U   |
[   11.672428] cloud-init[952]: ci-info: +-------+-------------+----------+---------------+-----------+-------+
[   11.678625] cloud-init[952]: ci-info: +++++++++++++++++++Route IPv6 info+++++++++++++++++++
[   11.683647] cloud-init[952]: ci-info: +-------+-------------+---------+-----------+-------+
[   11.688552] cloud-init[952]: ci-info: | Route | Destination | Gateway | Interface | Flags |
[   11.692856] cloud-init[952]: ci-info: +-------+-------------+---------+-----------+-------+
[   11.697695] cloud-init[952]: ci-info: |   0   |  fe80::/64  |    ::   |   enp0s3  |   U   |
[   11.703977] cloud-init[952]: ci-info: |   3   |   ff00::/8  |    ::   |   enp0s3  |   U   |
[   11.710684] cloud-init[952]: ci-info: +-------+-------------+---------+-----------+-------+
[   11.715074] cloud-init[952]: Generating public/private rsa key pair.
[   11.717773] cloud-init[952]: Your identification has been saved in /etc/ssh/ssh_host_rsa_key.
[   11.722139] cloud-init[952]: Your public key has been saved in /etc/ssh/ssh_host_rsa_key.pub.
[   11.726419] cloud-init[952]: The key fingerprint is:
[   11.729208] cloud-init[952]: SHA256:ZbGupzgh8YzhgIzU/MrC0SE1ROxOBUwO2VAdcSwzmgs root@ubuntu-xenial
[   11.733917] cloud-init[952]: The key's randomart image is:
[   11.736799] cloud-init[952]: +---[RSA 2048]----+
[   11.740376] cloud-init[952]: | o#Ooo+.  .      |
[   11.742947] cloud-init[952]: | +oB.*..   o     |
[   11.745187] cloud-init[952]: |+.+.* +   +      |
[   11.747808] cloud-init[952]: |oE.*o.   +       |
[   11.750198] cloud-init[952]: |. *oo*  S .      |
[   11.753082] cloud-init[952]: | o =+ +  .       |
[   11.755713] cloud-init[952]: |  .  . .. .      |
[   11.757908] cloud-init[952]: |      .. o       |
[   11.760453] cloud-init[952]: |      ...        |
[   11.763285] cloud-init[952]: +----[SHA256]-----+
[   11.765723] cloud-init[952]: Generating public/private dsa key pair.
[   11.769267] cloud-init[952]: Your identification has been saved in /etc/ssh/ssh_host_dsa_key.
[   11.774158] cloud-init[952]: Your public key has been saved in /etc/ssh/ssh_host_dsa_key.pub.
[   11.777760] cloud-init[952]: The key fingerprint is:
[   11.780815] cloud-init[952]: SHA256:Q2XGIPxBviA/52h2MrqhoeLCcQrsHkVCsJPuPQxH3no root@ubuntu-xenial
[   11.784980] cloud-init[952]: The key's randomart image is:
[   11.788387] cloud-init[952]: +---[DSA 1024]----+
[   11.791082] cloud-init[952]: |o.   ...oo+      |
[   11.793778] cloud-init[952]: |.o    .o.+.      |
[   11.796504] cloud-init[952]: |+. o. ..o.       |
[   11.798807] cloud-init[952]: |..= .o o..       |
[   11.801100] cloud-init[952]: |.o + .o S        |
[   11.803826] cloud-init[952]: |oo*..  = .       |
[   11.807241] cloud-init[952]: |+o==.E* o        |
[   11.809536] cloud-init[952]: |o=.oo= +         |
[   11.812683] cloud-init[952]: |*o. o.           |
[   11.815493] cloud-init[952]: +----[SHA256]-----+
[   11.817880] cloud-init[952]: Generating public/private ecdsa key pair.
[   11.821568] cloud-init[952]: Your identification has been saved in /etc/ssh/ssh_host_ecdsa_key.
[   11.825559] cloud-init[952]: Your public key has been saved in /etc/ssh/ssh_host_ecdsa_key.pub.
[   11.829955] cloud-init[952]: The key fingerprint is:
[   11.832332] cloud-init[952]: SHA256:z8goskx+rx19sj2R5KHoezGHmdkgr4SncnRD+VNin8w root@ubuntu-xenial
[   11.836435] cloud-init[952]: The key's randomart image is:
[   11.839640] cloud-init[952]: +---[ECDSA 256]---+
[   11.842186] cloud-init[952]: |                 |
[   11.845022] cloud-init[952]: |                 |
[   11.847584] cloud-init[952]: |       .         |
[   11.850165] cloud-init[952]: |      + + +      |
[   11.853121] cloud-init[952]: |     o *S^ +     |
[   11.855873] cloud-init[952]: |    o *+%+E      |
[[0;32m  OK  [0m] Started Initial cloud-init job (metadata service crawler).
[[0;32m  OK  [0m] Reached target Network is Online.
[   11.858732] cloud-init[952]: |  o..*oo==+.     |
[   11.864866] cloud-init[952]: | +.o+oo..=.      |
[   11.867376] cloud-init[952]: |  ++.o+o. ..     |
[   11.869847] cloud-init[952]: +----[SHA256]-----+
[   11.874483]          Starting iSCSI initiator daemon (iscsid)...
[[0;32m  OK  [0m] Reached target System Initialization.
cloud-init[952]:          Starting LXD - unix socket.
Generating public/private ed25519 key pair.
[   11.884052] cloud-init[952]: [[0;32m  OK  [0m] Started ACPI Events Check.
[[0;32m  OK  [0m] Reached target Paths.
[Your identification has been saved in /etc/ssh/ssh_host_ed25519_key.[0;32m  OK  [0m] Started Daily Cleanup of Temporary Directories.
[[0;32m  OK  [0m] Listening on UUID daemon activation socket.
         Starting Socket activation for snappy daemon.
[[0;32m  OK  [0m] Started Daily apt download activities.
[
[   11.900559] [0;32m  OK  [0m] Listening on D-Bus System Message Bus Socket.
[[0;32m  OK  [0m] Listening on ACPID Listen Socket.
[[0;32m  OK  [0m] Started Daily apt upgrade and clean activities.
[[0;32m  OK  [0m] Reached target Timers.
[[0;32m  OK  [0m] Reached target Cloud-config availability.
[[0;32m  OK  [0m] Listening on LXD - unix socket.
[[0;32m  OK  [0m] Listening on Socket activation for snappy daemon.
cloud-init[952]: Your public key has been saved in /etc/ssh/ssh_host_ed25519_key.pub.[[0;32m  OK  [0m] Reached target Sockets.
[[0;32m  OK  [0m] Reached target Basic System.

[   11.923048] cloud-init[952]: The key fingerprint is:
[   11.926423] cloud-init[952]: SHA256:PUdBmWV7ULVH9w7XQ8ND3ByWNczPmkEHV8cZmSGSgsk root@ubuntu-xenial
[   11.930515] cloud-init[952]: The key's randomart image is:
[   11.933515] cloud-init[952]: +--[ED25519 256]--+
[[0;32m  OK  [0m] Started Regular background program processing daemon.
[[0;32m  OK  [0m] Started FUSE filesystem for LXC.
         Starting Login Service...
         Starting System Logging Service...
[   11.935884] cloud-init[952]: |      . o  o+=@#^|
[   11.947167] cloud-init[952]: |       E . .+o=/&|
         Starting LSB: MD monitoring daemon...
         Starting /etc/rc.local Compatibility...
         Starting LSB: Record successful boot for GRUB...
[   11.957569] cloud-init[952]: |          . ..o=O|
[   11.965547] cloud-init[952]: |         . .  .==|
         Starting Virtualbox guest utils...
[[0;32m  OK  [0m] Started Unattended Upgrades Shutdown.
         Starting Accounts Service...
[[0;32m  OK  [0m] Started Deferred execution scheduler.
         Starting Snappy daemon...
[   11.984613] cloud-init[952]: |        S o .  +.|
[   12.012009] cloud-init[952]: |           o  o  |
[   12.020408] cloud-init[952]: |                 |
[   12.023597] cloud-init[952]: |                 |
[   12.028443] [[0;32m  OK  [0m] Started ACPI event daemon.
cloud-init[[0;32m  OK  [0m] Started D-Bus System Message Bus.
[952]: |                 |
[   12.042774] cloud-init[952]: +----[SHA256]-----+
         Starting Pollinate to seed the pseudo random number generator...
         Starting LXD - container startup/shutdown...
[[0;32m  OK  [0m] Started System Logging Service.
[[0;32m  OK  [0m] Started /etc/rc.local Compatibility.
[[0;32m  OK  [0m] Started iSCSI initiator daemon (iscsid).
[[0;32m  OK  [0m] Started Login Service.
         Starting Authenticate and Authorize Users to Run Privileged Tasks...
         Starting Login to default iSCSI targets...
[[0;32m  OK  [0m] Started LSB: MD monitoring daemon.
[[0;32m  OK  [0m] Started LSB: Record successful boot for GRUB.
[[0;32m  OK  [0m] Started Snappy daemon.
         Starting Wait until snapd is fully seeded...
[[0;32m  OK  [0m] Started Authenticate and Authorize Users to Run Privileged Tasks.
[[0;32m  OK  [0m] Started Accounts Service.
[[0;32m  OK  [0m] Started Login to default iSCSI targets.
[[0;32m  OK  [0m] Reached target Remote File Systems (Pre).
[[0;32m  OK  [0m] Reached target Remote File Systems.
         Starting LSB: Set the CPU Frequency Scaling governor to "ondemand"...
         Starting LSB: automatic crash report generation...
         Starting Permit User Sessions...
         Starting LSB: daemon to balance interrupts for SMP systems...
[[0;32m  OK  [0m] Started Virtualbox guest utils.
[[0;32m  OK  [0m] Started Permit User Sessions.
[[0;32m  OK  [0m] Started LSB: Set the CPU Frequency Scaling governor to "ondemand".
         Starting Terminate Plymouth Boot Screen...
         Starting Hold until boot process finishes up...
[[0;32m  OK  [0m] Started LSB: automatic crash report generation.
[[0;32m  OK  [0m] Started LXD - container startup/shutdown.
[[0;32m  OK  [0m] Started Terminate Plymouth Boot Screen.
[[0;32m  OK  [0m] Started Hold until boot process finishes up.
[[0;32m  OK  [0m] Started Serial Getty on ttyS0.
[[0;32m  OK  [0m] Started Getty on tty1.
[[0;32m  OK  [0m] Reached target Login Prompts.
         Starting Set console scheme...
[[0;32m  OK  [0m] Started LSB: daemon to balance interrupts for SMP systems.
[[0;32m  OK  [0m] Started Set console scheme.
[[0;32m  OK  [0m] Started Pollinate to seed the pseudo random number generator.
         Starting OpenBSD Secure Shell server...
[[0;32m  OK  [0m] Started OpenBSD Secure Shell server.
[[0;32m  OK  [0m] Created slice User Slice of vagrant.
         Starting User Manager for UID 1000...
[[0;32m  OK  [0m] Started Session 1 of user vagrant.
[[0;32m  OK  [0m] Started User Manager for UID 1000.
[[0;32m  OK  [0m] Started Wait until snapd is fully seeded.
         Starting Apply the settings specified in cloud-config...
[[0;32m  OK  [0m] Reached target Multi-User System.
[[0;32m  OK  [0m] Reached target Graphical Interface.
         Starting Update UTMP about System Runlevel Changes...
[[0;32m  OK  [0m] Started Update UTMP about System Runlevel Changes.
[   17.017673] cloud-init[1358]: Generating locales (this might take a while)...
         Stopping User Manager for UID 1000...
[   18.591000] cloud-init[1358]:   en_US.UTF-8... done
[   18.595361] cloud-init[1358]: Generation complete.

Ubuntu 16.04.6 LTS ubuntu-xenial ttyS0

ubuntu-xenial login: [   19.590758] cloud-init[1358]: Cloud-init v. 18.5-45-g3554ffe8-0ubuntu1~16.04.1 running 'modules:config' at Mon, 13 May 2019 15:06:22 +0000. Up 16.78 seconds.
ci-info: no authorized ssh keys fingerprints found for user ubuntu.
<14>May 13 15:06:26 ec2: 
<14>May 13 15:06:26 ec2: #############################################################
<14>May 13 15:06:26 ec2: -----BEGIN SSH HOST KEY FINGERPRINTS-----
<14>May 13 15:06:26 ec2: 1024 SHA256:Q2XGIPxBviA/52h2MrqhoeLCcQrsHkVCsJPuPQxH3no root@ubuntu-xenial (DSA)
<14>May 13 15:06:26 ec2: 256 SHA256:z8goskx+rx19sj2R5KHoezGHmdkgr4SncnRD+VNin8w root@ubuntu-xenial (ECDSA)
<14>May 13 15:06:26 ec2: 256 SHA256:PUdBmWV7ULVH9w7XQ8ND3ByWNczPmkEHV8cZmSGSgsk root@ubuntu-xenial (ED25519)
<14>May 13 15:06:26 ec2: 2048 SHA256:ZbGupzgh8YzhgIzU/MrC0SE1ROxOBUwO2VAdcSwzmgs root@ubuntu-xenial (RSA)
<14>May 13 15:06:26 ec2: -----END SSH HOST KEY FINGERPRINTS-----
<14>May 13 15:06:26 ec2: #############################################################
-----BEGIN SSH HOST KEY KEYS-----
ecdsa-sha2-nistp256 AAAAE2VjZHNhLXNoYTItbmlzdHAyNTYAAAAIbmlzdHAyNTYAAABBBDopeigCH7WteiczJmNFuN+veb++DCfNpNYCusDYWkPOSjykVppa7bMZP2Do2OcgFETEpfQpoPoNoyu3FgjG+48= root@ubuntu-xenial
ssh-ed25519 AAAAC3NzaC1lZDI1NTE5AAAAIKZr3kF/Am2M7P89JTVrO58xQDQnZk+Y+A65PRgCXYSO root@ubuntu-xenial
ssh-rsa AAAAB3NzaC1yc2EAAAADAQABAAABAQC0S8kaMt3QTlqeWEHaqb6aSG2tArxPldRSjniknLylvNW2F+hLixGo7UoD4l9HsuwS8dEvhgcipSxhGcF0Xmznbq3t+qkggU9AQ76jp4gtxxT+AMpUEI7cyvDneEf3qD2Iba0JvnV4ej0+v72VwgYmKveY3mFxH9QdS7I34uTLtswIoYw0ozDBOPZVKw5GbqE8XhN7dH8qBxFWAQSk9YQ5RbavUIOH0/x3RhGFulJZPRJ5i5CDyv7FrP4gmFuqU8p6emfzU0lbSgnlZ8RnNj05sRFeltKa8Kul8t7fqwbWt4WqjWLce4CevFGjRhRu+Oiqg5bExxiGAwPJ+FAL43tH root@ubuntu-xenial
-----END SSH HOST KEY KEYS-----
[   20.758558] cloud-init[1637]: Cloud-init v. 18.5-45-g3554ffe8-0ubuntu1~16.04.1 running 'modules:final' at Mon, 13 May 2019 15:06:25 +0000. Up 20.36 seconds.
[   20.759402] cloud-init[1637]: ci-info: no authorized ssh keys fingerprints found for user ubuntu.
[   20.796294] cloud-init[1637]: Cloud-init v. 18.5-45-g3554ffe8-0ubuntu1~16.04.1 finished at Mon, 13 May 2019 15:06:26 +0000. Datasource DataSourceNoCloud [seed=/dev/sdb][dsmode=net].  Up 20.73 seconds
